

=====================================================================
== C:\program files (x86)\steam\steamapps\common\arma 2 operation arrowhead\Expansion\beta\arma2oaserver.exe
== "C:\program files (x86)\steam\steamapps\common\arma 2 operation arrowhead\Expansion\beta\arma2oaserver.exe" -mod=EXPANSION\beta;EXPANSION\beta\Expansion;EXPANSION;ca;@DayZ_Epoch1042;3195\@bliss -port=3136 -profiles=3195 -config=3195\server-VfMQE.cfg -cfg=3195\arma2.cfg -name=cfgdayzDEFAULT -world=Chernarus -cpuCount=2 -exThreads=1 -noSound
=====================================================================
Exe timestamp: 2014/06/01 10:01:31
Current time:  2014/07/16 04:49:18

Version 1.63.112555
Item STR_EPOCH_BULK_DESC_MP5SD listed twice
Item STR_ACTIONS_BUILD listed twice
Item STR_EQUIP_NAME_41 listed twice
Item STR_EQUIP_DESC_41 listed twice
Updating base class ->NonStrategic, by Ca\config.bin/CfgVehicles/HouseBase/
Updating base class ->HouseBase, by Ca\config.bin/CfgVehicles/Ruins/
Updating base class ->DestructionEffects, by Ca\config.bin/CfgVehicles/House/DestructionEffects/
Updating base class ->FlagCarrierCore, by ca\ca_pmc\config.bin/CfgVehicles/FlagCarrier/
Updating base class ->VehicleMagazine, by ca\weapons\config.bin/CfgMagazines/14Rnd_FFAR/
Updating base class ->PistolCore, by ca\weapons\config.bin/cfgWeapons/Pistol/
Updating base class ->LauncherCore, by ca\weapons\config.bin/cfgWeapons/RocketPods/
Updating base class ->RocketPods, by ca\weapons\config.bin/cfgWeapons/FFARLauncher/
Updating base class ->Default, by ca\weapons\config.bin/cfgWeapons/ItemCore/
Updating base class ->Citizen, by ca\characters2\config.bin/CfgVehicles/Citizen1/
Updating base class ->SkodaBase, by ca\wheeled\config.bin/CfgVehicles/car_sedan/
Updating base class ->House, by ca\misc3\config.bin/CfgVehicles/Land_Fire/
Updating base class ->House, by ca\misc3\config.bin/CfgVehicles/Land_A_tent/
Updating base class ->Camp_base, by ca\misc3\config.bin/CfgVehicles/ACamp/
Updating base class ->Car, by ca\wheeled2\lada\config.bin/CfgVehicles/Lada_base/
Updating base class StreetLamp_EP1->StreetLamp, by z\addons\dayz_code\config.bin/CfgNonAIVehicles/Land_Lamp_Small_EP1/
Updating base class StreetLamp_EP1->StreetLamp, by z\addons\dayz_code\config.bin/CfgNonAIVehicles/Land_Lamp_Street1_EP1/
Updating base class StreetLamp_EP1->StreetLamp, by z\addons\dayz_code\config.bin/CfgNonAIVehicles/Land_Lamp_Street2_EP1/
Updating base class StreetLamp_EP1->StreetLamp, by z\addons\dayz_code\config.bin/CfgNonAIVehicles/Land_Lampa_Ind_EP1/
Updating base class StreetLamp_EP1->StreetLamp, by z\addons\dayz_code\config.bin/CfgNonAIVehicles/Land_PowLines_Conc2L_EP1/
Updating base class StreetLamp_BaseMediumOrange->StreetLamp, by z\addons\dayz_code\config.bin/CfgNonAIVehicles/Land_lampa_sidl/
Updating base class StreetLamp_BaseMediumOrange->StreetLamp, by z\addons\dayz_code\config.bin/CfgNonAIVehicles/Land_lampa_sidl_2/
Updating base class StreetLamp_BaseMediumOrange->StreetLamp, by z\addons\dayz_code\config.bin/CfgNonAIVehicles/Land_lampa_sidl_3/
Updating base class StreetLamp_BaseWeakYellow->StreetLamp, by z\addons\dayz_code\config.bin/CfgNonAIVehicles/Land_lampa_ind/
Updating base class StreetLamp_BaseWeakYellow->StreetLamp, by z\addons\dayz_code\config.bin/CfgNonAIVehicles/Land_lampa_ind_zebr/
Updating base class RscStandardDisplay->, by z\addons\dayz_code\config.bin/RscDisplayStart/
Cannot delete class CA_DebriefingInfo, it is referenced somewhere (used as a base class probably).
Cannot delete class CA_DebriefingInfo, it is referenced somewhere (used as a base class probably).
Updating base class RscShortcutButton->RscShortcutButtonMain, by z\addons\dayz_code\config.bin/RscDisplayMain/controls/CA_Exit/
Updating base class RscText->, by z\addons\dayz_code\config.bin/RscTitles/Default/
Updating base class zZombie_Base->zZombie_new_Base, by z\addons\dayz_code\config.bin/CfgVehicles/z_villager1/
Updating base class zZombie_Base->zZombie_new_Base, by z\addons\dayz_code\config.bin/CfgVehicles/z_worker1/
Updating base class Soldier_Crew_PMC->Soldier_Bodyguard_M4_PMC, by z\addons\dayz_code\config.bin/CfgVehicles/SurvivorW2_DZ/
Updating base class HighCommand->Logic, by z\addons\dayz_code\config.bin/CfgVehicles/HighCommandSubordinate/
Updating base class ->ViewOptics, by z\addons\dayz_code\config.bin/CfgVehicles/Mi17_base/Turrets/MainTurret/ViewOptics/
Updating base class HouseBase->, by z\addons\dayz_code\config.bin/CfgVehicles/House/
Updating base class NonStrategic->BuiltItems, by z\addons\dayz_code\config.bin/CfgVehicles/Fort_RazorWire/
Updating base class MeleeHatchet->MeleeWeapon, by z\addons\dayz_code\config.bin/CfgWeapons/MeleeCrowbar/
Updating base class VehicleMagazine->CA_Magazine, by z\addons\dayz_code\config.bin/CfgMagazines/29Rnd_30mm_AGS30/
Updating base class VehicleMagazine->CA_Magazine, by z\addons\dayz_code\config.bin/CfgMagazines/48Rnd_40mm_MK19/
Updating base class 4000Rnd_762x51_M134->CA_Magazine, by z\addons\dayz_code\config.bin/CfgMagazines/2000Rnd_762x51_M134/
Updating base class VehicleMagazine->CA_Magazine, by z\addons\dayz_code\config.bin/CfgMagazines/100Rnd_127x99_M2/
Updating base class VehicleMagazine->CA_Magazine, by z\addons\dayz_code\config.bin/CfgMagazines/50Rnd_127x107_DSHKM/
Updating base class Hatchet_Swing->Melee_Swing, by z\addons\dayz_code\config.bin/CfgMagazines/crowbar_swing/
Updating base class CA_Magazine->Melee_Swing, by z\addons\dayz_code\config.bin/CfgMagazines/Hatchet_Swing/
Updating base class ->Plane, by ca\air2\mv22\config.bin/CfgVehicles/MV22/
Updating base class ViewOptics->, by ca\air2\uh1y\config.bin/CfgVehicles/UH1_Base/Turrets/MainTurret/ViewOptics/
Updating base class ->HouseBase, by ca\misc_e\config.bin/CfgVehicles/House/
Updating base class ->Land_CamoNet_EAST, by ca\misc_e\config.bin/CfgVehicles/Land_CamoNet_EAST_EP1/
Updating base class ->Land_CamoNetB_EAST, by ca\misc_e\config.bin/CfgVehicles/Land_CamoNetB_EAST_EP1/
Updating base class ->Sign_1L_Noentry, by ca\misc_e\config.bin/CfgVehicles/Sign_1L_Noentry_EP1/
Updating base class ->Sign_circle, by ca\misc_e\config.bin/CfgVehicles/Helper_Base_EP1/
Updating base class ->Rifle, by ca\weapons_baf\config.bin/cfgWeapons/BAF_AS50_scoped/
Updating base class ->Rifle, by ca\weapons_e\config.bin/cfgWeapons/M60A4_EP1/
Updating base class ->M249, by ca\weapons_e\config.bin/cfgWeapons/M249_EP1/
Updating base class ->M249, by ca\weapons_e\config.bin/cfgWeapons/M249_m145_EP1/
Updating base class ->m107, by ca\weapons_e\m107\config.bin/CfgWeapons/m107_TWS_EP1/
Updating base class ->M240, by ca\weapons_e\m240\config.bin/CfgWeapons/m240_scoped_EP1/
Updating base class ->V3S_Base, by ca\wheeled_e\v3s\config.bin/CfgVehicles/V3S_Base_EP1/
Updating base class ->V3S_Base_EP1, by ca\wheeled_e\v3s\config.bin/CfgVehicles/V3S_Refuel_TK_GUE_EP1/
Updating base class House->DZE_OpenHouse, by warehouse\config.bin/CfgVehicles/Land_Ind_Pec_03/
Updating base class ->Helicopter, by ca\air_e\ah6j\config.bin/CfgVehicles/AH6_Base_EP1/
Updating base class ->Plane, by ca\air_e\an2\config.bin/CfgVehicles/An2_Base_EP1/
Updating base class ->CH47_base_EP1, by ca\air_e\ch47\config.bin/CfgVehicles/CH_47F_EP1/
Updating base class ViewOptics->, by ca\air_e\uh1h\config.bin/CfgVehicles/UH1H_base/Turrets/MainTurret/ViewOptics/
Updating base class ->Soldier_Base_PMC, by ca\characters_pmc\config.bin/cfgVehicles/Soldier_Crew_PMC/
Updating base class ->Soldier_Base_PMC, by ca\characters_pmc\config.bin/cfgVehicles/Soldier_TL_PMC/
Updating base class ->Soldier_Base_PMC, by ca\characters_pmc\config.bin/cfgVehicles/Soldier_Bodyguard_M4_PMC/
Updating base class ->Soldier_Base_PMC, by ca\characters_pmc\config.bin/cfgVehicles/Soldier_Bodyguard_AA12_PMC/
Updating base class ->BAF_Soldier_MTP, by ca\characters_w_baf\config.bin/CfgVehicles/BAF_Soldier_W/
Updating base class ->BAF_Soldier_L_MTP, by ca\characters_w_baf\config.bin/CfgVehicles/BAF_Soldier_L_W/
Updating base class ->BAF_Soldier_Officer_MTP, by ca\characters_w_baf\config.bin/CfgVehicles/BAF_Soldier_Officer_W/
Updating base class ->BAF_Soldier_SniperH_MTP, by ca\characters_w_baf\config.bin/CfgVehicles/BAF_Soldier_SniperH_W/
Updating base class ->M113Ambul_Base, by ca\tracked_e\m113\config.bin/CfgVehicles/M113Ambul_UN_EP1/
Updating base class ->M113_Base, by ca\tracked_e\m113\config.bin/CfgVehicles/M113_UN_EP1/
Updating base class ->M113Ambul_Base, by ca\tracked_e\m113\config.bin/CfgVehicles/M113Ambul_TK_EP1/
Updating base class ->M113_Base, by ca\tracked_e\m113\config.bin/CfgVehicles/M113_TK_EP1/
Updating base class ->Helicopter, by ca\air_d_baf\config.bin/CfgVehicles/BAF_Merlin_HC3_D/
Obsolete class Animations defined in bin\config.bin/RscCompass/
Obsolete class Animations defined in bin\config.bin/RscWatch/
 8:34:22 NAT Negotiation completed
 8:48:09 Strange convex component288 in warehouse\models\warehouse.p3d:geometry
 8:48:09 Strange convex component289 in warehouse\models\warehouse.p3d:geometry
 8:48:09 Strange convex component290 in warehouse\models\warehouse.p3d:geometry
 8:48:09 Strange convex component291 in warehouse\models\warehouse.p3d:geometry
 8:48:09 Strange convex component292 in warehouse\models\warehouse.p3d:geometry
 8:48:09 Strange convex component293 in warehouse\models\warehouse.p3d:geometry
 8:48:09 Strange convex component294 in warehouse\models\warehouse.p3d:geometry
 8:48:09 Strange convex component295 in warehouse\models\warehouse.p3d:geometry
 8:48:09 Strange convex component296 in warehouse\models\warehouse.p3d:geometry
 8:48:09 Strange convex component297 in warehouse\models\warehouse.p3d:geometry
 8:48:09 Strange convex component298 in warehouse\models\warehouse.p3d:geometry
 8:48:09 Strange convex component299 in warehouse\models\warehouse.p3d:geometry
 8:48:09 Strange convex component300 in warehouse\models\warehouse.p3d:geometry
 8:48:09 Strange convex component301 in warehouse\models\warehouse.p3d:geometry
 8:48:09 Strange convex component302 in warehouse\models\warehouse.p3d:geometry
 8:48:09 Strange convex component303 in warehouse\models\warehouse.p3d:geometry
 8:48:09 Strange convex component304 in warehouse\models\warehouse.p3d:geometry
 8:48:09 Strange convex component305 in warehouse\models\warehouse.p3d:geometry
 8:48:09 Strange convex component306 in warehouse\models\warehouse.p3d:geometry
 8:48:09 Strange convex component307 in warehouse\models\warehouse.p3d:geometry
 8:48:09 Strange convex component308 in warehouse\models\warehouse.p3d:geometry
 8:48:09 Strange convex component309 in warehouse\models\warehouse.p3d:geometry
 8:48:09 Strange convex component310 in warehouse\models\warehouse.p3d:geometry
 8:48:09 Strange convex component311 in warehouse\models\warehouse.p3d:geometry
 8:48:09 Strange convex component312 in warehouse\models\warehouse.p3d:geometry
 8:48:09 Strange convex component313 in warehouse\models\warehouse.p3d:geometry
 8:48:09 Strange convex component314 in warehouse\models\warehouse.p3d:geometry
 8:48:09 Strange convex component315 in warehouse\models\warehouse.p3d:geometry
 8:48:09 Strange convex component316 in warehouse\models\warehouse.p3d:geometry
 8:48:09 Strange convex component317 in warehouse\models\warehouse.p3d:geometry
 8:48:09 Strange convex component252 in warehouse\models\warehouse.p3d:geometryFire
 8:48:09 Strange convex component253 in warehouse\models\warehouse.p3d:geometryFire
 8:48:09 Strange convex component254 in warehouse\models\warehouse.p3d:geometryFire
 8:48:09 Strange convex component255 in warehouse\models\warehouse.p3d:geometryFire
 8:48:09 Strange convex component256 in warehouse\models\warehouse.p3d:geometryFire
 8:48:09 Strange convex component257 in warehouse\models\warehouse.p3d:geometryFire
 8:48:09 Strange convex component258 in warehouse\models\warehouse.p3d:geometryFire
 8:48:09 Strange convex component259 in warehouse\models\warehouse.p3d:geometryFire
 8:48:09 Strange convex component260 in warehouse\models\warehouse.p3d:geometryFire
 8:48:09 Strange convex component261 in warehouse\models\warehouse.p3d:geometryFire
 8:48:09 Strange convex component262 in warehouse\models\warehouse.p3d:geometryFire
 8:48:09 Strange convex component263 in warehouse\models\warehouse.p3d:geometryFire
 8:48:09 Strange convex component264 in warehouse\models\warehouse.p3d:geometryFire
 8:48:09 Strange convex component265 in warehouse\models\warehouse.p3d:geometryFire
 8:48:09 Strange convex component266 in warehouse\models\warehouse.p3d:geometryFire
 8:48:09 Strange convex component267 in warehouse\models\warehouse.p3d:geometryFire
 8:48:09 Strange convex component268 in warehouse\models\warehouse.p3d:geometryFire
 8:48:09 Strange convex component269 in warehouse\models\warehouse.p3d:geometryFire
 8:48:09 Strange convex component270 in warehouse\models\warehouse.p3d:geometryFire
 8:48:09 Strange convex component271 in warehouse\models\warehouse.p3d:geometryFire
 8:48:09 Strange convex component272 in warehouse\models\warehouse.p3d:geometryFire
 8:48:09 Strange convex component273 in warehouse\models\warehouse.p3d:geometryFire
 8:48:09 Strange convex component274 in warehouse\models\warehouse.p3d:geometryFire
 8:48:09 Strange convex component275 in warehouse\models\warehouse.p3d:geometryFire
 8:48:09 Strange convex component276 in warehouse\models\warehouse.p3d:geometryFire
 8:48:09 Strange convex component277 in warehouse\models\warehouse.p3d:geometryFire
 8:48:09 Strange convex component278 in warehouse\models\warehouse.p3d:geometryFire
 8:48:09 Strange convex component279 in warehouse\models\warehouse.p3d:geometryFire
 8:48:09 Strange convex component280 in warehouse\models\warehouse.p3d:geometryFire
 8:48:09 Strange convex component281 in warehouse\models\warehouse.p3d:geometryFire
 8:48:09 Strange convex component249 in warehouse\models\warehouse.p3d:geometryView
 8:48:09 Strange convex component250 in warehouse\models\warehouse.p3d:geometryView
 8:48:09 Strange convex component251 in warehouse\models\warehouse.p3d:geometryView
 8:48:09 Strange convex component252 in warehouse\models\warehouse.p3d:geometryView
 8:48:09 Strange convex component253 in warehouse\models\warehouse.p3d:geometryView
 8:48:09 Strange convex component254 in warehouse\models\warehouse.p3d:geometryView
 8:48:09 Strange convex component255 in warehouse\models\warehouse.p3d:geometryView
 8:48:09 Strange convex component256 in warehouse\models\warehouse.p3d:geometryView
 8:48:09 Strange convex component257 in warehouse\models\warehouse.p3d:geometryView
 8:48:09 Strange convex component258 in warehouse\models\warehouse.p3d:geometryView
 8:48:09 Strange convex component259 in warehouse\models\warehouse.p3d:geometryView
 8:48:09 Strange convex component260 in warehouse\models\warehouse.p3d:geometryView
 8:48:09 Strange convex component261 in warehouse\models\warehouse.p3d:geometryView
 8:48:09 Strange convex component262 in warehouse\models\warehouse.p3d:geometryView
 8:48:09 Strange convex component263 in warehouse\models\warehouse.p3d:geometryView
 8:48:09 Strange convex component264 in warehouse\models\warehouse.p3d:geometryView
 8:48:09 Strange convex component265 in warehouse\models\warehouse.p3d:geometryView
 8:48:09 Strange convex component266 in warehouse\models\warehouse.p3d:geometryView
 8:48:09 Strange convex component267 in warehouse\models\warehouse.p3d:geometryView
 8:48:09 Strange convex component268 in warehouse\models\warehouse.p3d:geometryView
 8:48:09 Strange convex component269 in warehouse\models\warehouse.p3d:geometryView
 8:48:09 Strange convex component270 in warehouse\models\warehouse.p3d:geometryView
 8:48:09 Strange convex component271 in warehouse\models\warehouse.p3d:geometryView
 8:48:09 Strange convex component272 in warehouse\models\warehouse.p3d:geometryView
 8:48:09 Strange convex component273 in warehouse\models\warehouse.p3d:geometryView
 8:48:09 Strange convex component274 in warehouse\models\warehouse.p3d:geometryView
 8:48:09 Strange convex component275 in warehouse\models\warehouse.p3d:geometryView
 8:48:09 Strange convex component276 in warehouse\models\warehouse.p3d:geometryView
 8:48:09 Strange convex component277 in warehouse\models\warehouse.p3d:geometryView
 8:48:09 Strange convex component278 in warehouse\models\warehouse.p3d:geometryView
 8:48:17 Warning: looped for animation: ca\anims\characters\data\anim\sdr\mov\erc\wlk\non\non\amovpercmwlksnonwnondf.rtm differs (looped now 0)! MoveName: amovpercmstpsnonwnondnon_amovpercmstpsraswpstdnon
 8:48:17 Warning: looped for animation: ca\anims\characters\data\anim\sdr\mov\erc\wlk\non\non\amovpercmwlksnonwnondf.rtm differs (looped now 1)! MoveName: amovpercmrunsnonwbindf_rfl
 8:48:17 "DayZ Epoch: PRELOAD Functions\init [[<No group>:0 (FunctionsManager)],any]"
 8:48:17 "DayZ Epoch: MPframework inited"
 8:48:45 Cannot create non-ai vehicle Land_Mil_Mil_Guardhouse,
 8:48:47 Warning Message: Cannot open object ibr\ibr_hangars\ibr_hangar.p3d
 8:48:47 ibr\ibr_hangars\ibr_hangar.p3d: No geometry and no visual shape
 8:48:47 ibr\ibr_hangars\ibr_hangar.p3d: No geometry and no visual shape
 8:48:47 ibr\ibr_hangars\ibr_hangar.p3d: No geometry and no visual shape
 8:48:47 ibr\ibr_hangars\ibr_hangar.p3d: No geometry and no visual shape
 8:48:48 Warning Message: Animation source Door01 not found in bin\config.bin/CfgVehicles/MAP_BarbGate/
 8:48:48 Warning Message: Animation source TakeWeapon_hide not found in bin\config.bin/CfgVehicles/MAP_Gunrack2/
 8:48:48 ca\misc\sphere2.p3d: No geometry and no visual shape
 8:48:48 ca\misc\sphere2.p3d: No geometry and no visual shape
 8:48:48 ca\misc\sphere2.p3d: No geometry and no visual shape
 8:48:48 ca\misc\sphere2.p3d: No geometry and no visual shape
 8:48:49 Warning Message: Animation source TakeWeapon_hide not found in bin\config.bin/CfgVehicles/MAP_Gunrack1/
 8:48:50 Warning: z\addons\dayz_communityassets\models\compass.p3d:0 Error while trying to generate ST for points: 863, 853, 852
 8:48:52 "Res3tting B!S effects..."
 8:48:52 "[AGN] Starting Trader City Safezone Commander!"
 8:48:52 "Error: Attempting to start AGN products on a server where it should not be!"
 8:48:52 "HIVE: Starting"
 8:48:52 "HIVE: trying to get objects"
 8:48:54 "HIVE: found 1775 objects"
 8:48:54 "HIVE: Commence Object Streaming..."
 8:48:55 "HIVE: got 1338 Epoch Objects and 437 Vehicles"
 8:48:58 "Res3tting B!S effects..."
 8:49:04 AH6X_DZ: FLIR_turret - unknown animation source FLIR_turret
 8:49:04 AH6X_DZ: FLIR_gun - unknown animation source FLIR_gun
 8:49:07 UH1Y_DZE: ObsTurret - unknown animation source ObsTurret
 8:49:07 UH1Y_DZE: ObsGun - unknown animation source ObsGun
 8:49:32 "HIVE: Vehicle Spawn limit reached!"
 8:49:32 "HIVE: Spawning # of Debris: 0"
 8:49:32 "HIVE: Spawning # of Ammo Boxes: 3"
 8:49:32 "HIVE: Spawning # of Veins: 50"
 8:49:32 "Total Number of spawn locations 5"
 8:49:33 "EPOCH EVENTS INIT"
 8:49:34 "TIME SYNC: Local Time set to [2013,8,3,20,49]"
 8:50:04 NetServer::SendMsg: cannot find channel #958023099, users.card=0
 8:50:04 NetServer: users.get failed when sending to 958023099
 8:50:04 Message not sent - error 0, message ID = ffffffff, to 958023099 (telconrar)
 8:50:04 "get: STRING (120160390), sent: STRING (120160390)"
 8:50:04 "DISCONNECT: telconrar (120160390) Object: B 1-1-C:1 (telconrar) REMOTE, _characterID: 411 at loc [8932.93,9196.65,0.00143433]"
 8:50:04 Client: Remote object 3:8 not found
 8:50:04 "CLEANUP: DELETED A "DebugBoxPlayer_DZ""
 8:50:33 "[DZMS]: Starting DayZ Epoch Mission System."
 8:50:33 "[DZMS]: Relations not found! Using DZMS Relations."
 8:50:33 "[DZMS]: Mission and Extended Configuration Loaded!"
 8:50:33 "[DZMS]: chernarus Detected. Map Specific Settings Adjusted!"
 8:50:33 "[DZMS]: DayZ Epoch Detected! Some Scripts Adjusted!"
 8:50:33 "[DZMS]: Mission Functions Script Loaded!"
 8:50:33 "[DZMS]: Major Mission Clock Starting!"
 8:50:33 "[DZMS]: Minor Mission Clock Starting!"
 8:50:33 "[DZMS]: Mission Marker Loop for JIPs Starting!"
 8:50:44 "[DZMS]: Running Major Mission SM3."
 8:50:59 "[DZMS]: Running Minor Mission SM12."
 8:52:53 "CLEANUP: INITIALIZING CLEANUP SCRIPT"
 8:53:38 "SAFE UNLOCKED: ID:4696 UID:0 BY telconrar(120160390)"
 8:57:53 "TIME SYNC: Local Time set to [2013,8,3,20,57]"
 9:00:05 "RUNNING EVENT: crash_spawner on [2014,7,16,21,0]"
 9:00:05 "CRASHSPAWNER: 100% chance to start a crashing UH-60M with loot table 'HeliCrash_No50s'"
 9:00:05 "CRASHSPAWNER: UH-60M started

g from [6993.7,173.053,300] to [10049.7,7224.81] NOW!(TIME:663||LT:HeliCrash_No50s)"
 9:02:53 "TIME SYNC: Local Time set to [2013,8,3,21,2]"
 9:06:16 "SAFE LOCKED: ID:4696 UID:0 BY telconrar(120160390)"
 9:07:53 "TIME SYNC: Local Time set to [2013,8,3,21,7]"
 9:07:53 "CLEANUP: Deleted 4 Animals out of 4"
 9:08:09 Error: Bone leftshoulder doesn't exist in some skeleton 
 9:08:09 Error: Bone rightshoulder doesn't exist in some skeleton 
 9:08:09 Error: Bone rightshoulder doesn't exist in some skeleton 
 9:08:09 Error: Bone leftshoulder doesn't exist in some skeleton 
 9:08:09 Error: Bone rightshoulder doesn't exist in some skeleton 
 9:08:09 Error: Bone leftshoulder doesn't exist in some skeleton 
 9:08:10 Error: Bone rightshoulder doesn't exist in some skeleton 
 9:08:10 Error: Bone leftshoulder doesn't exist in some skeleton 
 9:08:10 Error: Bone rightshoulder doesn't exist in some skeleton 
 9:08:10 Error: Bone leftshoulder doesn't exist in some skeleton 
 9:08:10 Error: Bone rightshoulder doesn't exist in some skeleton 
 9:08:10 Error: Bone leftshoulder doesn't exist in some skeleton 
 9:08:10 Error: Bone leftshoulder doesn't exist in some skeleton 
 9:08:10 Error: Bone rightshoulder doesn't exist in some skeleton 
 9:08:10 Error: Bone leftshoulder doesn't exist in some skeleton 
 9:08:10 Error: Bone rightshoulder doesn't exist in some skeleton 
 9:10:44 bin\config.bin/CfgMovesZombie/States/AmovPercMrunSnonWnonDfr.InterpolateTo: item count not multiple of 2 (is 17)
 9:10:44   bin\config.bin/CfgMovesZombie/States/AmovPercMrunSnonWnonDfr.InterpolateTo: Bad move 
 9:10:44 bin\config.bin/CfgMovesZombie/States/AmovPpneMrunSnonWnonDl.InterpolateTo: item count not multiple of 2 (is 9)
 9:10:44   bin\config.bin/CfgMovesZombie/States/AmovPpneMrunSnonWnonDl.InterpolateTo: Bad move 
 9:10:44 bin\config.bin/CfgMovesZombie/States/AmovPpneMrunSnonWnonDb.InterpolateTo: item count not multiple of 2 (is 9)
 9:10:44   bin\config.bin/CfgMovesZombie/States/AmovPpneMrunSnonWnonDb.InterpolateTo: Bad move 
 9:10:44 bin\config.bin/CfgMovesZombie/States/AmovPpneMrunSnonWnonDbr.InterpolateTo: item count not multiple of 2 (is 9)
 9:10:44   bin\config.bin/CfgMovesZombie/States/AmovPpneMrunSnonWnonDbr.InterpolateTo: Bad move 
 9:10:44 bin\config.bin/CfgMovesZombie/States/AmovPpneMrunSnonWnonDfr.InterpolateTo: item count not multiple of 2 (is 11)
 9:10:44   bin\config.bin/CfgMovesZombie/States/AmovPpneMrunSnonWnonDfr.InterpolateTo: Bad move 
 9:10:44   bin\config.bin/CfgMovesZombie/States/AinvPknlMstpSnonWnonDnon_medic.ConnectTo: Bad move AinvPknlMstpSnonWnonDnon_medicEnd
 9:10:44   bin\config.bin/CfgMovesZombie/States/AinvPknlMstpSnonWnonDnon_medic.ConnectTo: Bad move AinvPknlMstpSnonWnonDnon_medic0S
 9:10:44   bin\config.bin/CfgMovesZombie/States/AinvPknlMstpSnonWnonDnon_medic.ConnectTo: Bad move AinvPknlMstpSnonWnonDnon_medic0
 9:10:44   bin\config.bin/CfgMovesZombie/States/AinvPknlMstpSnonWnonDnon_medic.ConnectTo: Bad move AinvPknlMstpSnonWnonDnon_medic1
 9:10:44   bin\config.bin/CfgMovesZombie/States/AinvPknlMstpSnonWnonDnon_medic.ConnectTo: Bad move AinvPknlMstpSnonWnonDnon_medic2
 9:10:44   bin\config.bin/CfgMovesZombie/States/AinvPknlMstpSnonWnonDnon_medic.ConnectTo: Bad move AinvPknlMstpSnonWnonDnon_medic3
 9:10:44   bin\config.bin/CfgMovesZombie/States/AinvPknlMstpSnonWnonDnon_medic.ConnectTo: Bad move AinvPknlMstpSnonWnonDr_medic3
 9:10:44   bin\config.bin/CfgMovesZombie/States/AinvPknlMstpSnonWnonDnon_medic.ConnectTo: Bad move AinvPknlMstpSnonWnonDr_medic4
 9:10:44   bin\config.bin/CfgMovesZombie/States/AinvPknlMstpSnonWnonDnon_medic.ConnectTo: Bad move AinvPknlMstpSnonWnonDr_medic5
 9:10:44   bin\config.bin/CfgMovesZombie/States/AinvPknlMstpSnonWnonDnon_medic.ConnectTo: Bad move AinvPknlMstpSnonWnonDnon_medic4
 9:10:44   bin\config.bin/CfgMovesZombie/States/AinvPknlMstpSnonWnonDnon_medic.ConnectTo: Bad move AinvPknlMstpSnonWnonDnon_medic5
 9:10:44   bin\config.bin/CfgMovesZombie/States/AinvPknlMstpSnonWnonDnon_medic.ConnectTo: Bad move AinvPknlMstpSnonWnonDr_medic0S
 9:10:44   bin\config.bin/CfgMovesZombie/States/AinvPknlMstpSnonWnonDnon_medic.ConnectTo: Bad move AinvPknlMstpSnonWnonDr_medic0
 9:10:44   bin\config.bin/CfgMovesZombie/States/AinvPknlMstpSnonWnonDnon_medic.ConnectTo: Bad move AinvPknlMstpSnonWnonDr_medic1
 9:10:44   bin\config.bin/CfgMovesZombie/States/AinvPknlMstpSnonWnonDnon_medic.ConnectTo: Bad move AinvPknlMstpSnonWnonDr_medic2
 9:10:44   bin\config.bin/CfgMovesZombie/States/AinvPknlMstpSnonWnonDnon_medic.InterpolateTo: Bad move AinvPknlMstpSnonWnonDnon_medic0S
 9:10:44   bin\config.bin/CfgMovesZombie/States/AinvPknlMstpSnonWnonDnon_medic.InterpolateTo: Bad move AinvPknlMstpSnonWnonDr_medic0S
 9:12:53 "TIME SYNC: Local Time set to [2013,8,3,21,12]"
 9:13:55 "CLEANUP: Deleted 16 Loot Piles out of 26"
 9:14:59 "EPOCH SERVERTRADE: Player: telconrar (120160390) sold a M24 in/at Klen for 6x ItemGoldBar"
 9:15:08 "RUNNING EVENT: supply_drop on [2014,7,16,21,15]"
 9:15:26 "EPOCH SERVERTRADE: Player: telconrar (120160390) sold a G36K_camo in/at Klen for 3x ItemGoldBar"
 9:15:54 "CLEANUP: Deleted 3 Loot Piles out of 17"
 9:16:54 "CLEANUP: Deleted 1 Loot Piles out of 14"
 9:17:53 "TIME SYNC: Local Time set to [2013,8,3,21,17]"
 9:17:54 "CLEANUP: Deleted 1 Loot Piles out of 13"
 9:18:07 Server: Object 4:142 not found (message 91)
 9:18:07 Server: Object 4:141 not found (message 99)
 9:18:15 Server: Object 4:167 not found (message 94)
 9:18:15 Server: Object 4:168 not found (message 94)
 9:18:15 Server: Object 4:169 not found (message 94)
 9:18:15 Server: Object 4:170 not found (message 94)
 9:18:56 "CLEANUP: Deleted 1 Loot Piles out of 93"
 9:19:56 "CLEANUP: Deleted 1 Loot Piles out of 92"
 9:20:56 "CLEANUP: Deleted 1 Loot Piles out of 91"
 9:22:53 "TIME SYNC: Local Time set to [2013,8,3,21,22]"
 9:24:23 Server: Object 4:262 not found (message 98)
 9:24:23 Server: Object 4:263 not found (message 91)
 9:25:56 "CLEANUP: Deleted 1 Loot Piles out of 94"
 9:27:08 Warning: z\addons\dayz_communityassets\models\razor.p3d:0 Error while trying to generate ST for points: 214, 349, 208
 9:27:53 "TIME SYNC: Local Time set to [2013,8,3,21,27]"
 9:30:00 "RUNNING EVENT: crash_spawner on [2014,7,16,21,30]"
 9:30:00 "CRASHSPAWNER: 100% chance to start a crashing AV-8B (LGB) with loot table 'MilitarySpecial'"
 9:30:00 "CRASHSPAWNER: AV-8B (LGB) started

g from [6993.7,173.053,300] to [3461.44,2082] NOW!(TIME:2455||LT:MilitarySpecial)"
 9:32:43 "CRASHSPAWNER: AV-8B (LGB) just exploded at [3486.36,2249.45,4.42003]!, "
 9:32:43 "CRASHSPAWNER: Loot spawn at '[3483.36,2246.79,0]' with loot table 'MilitarySpecial'"
 9:32:43 "CRASHSPAWNER: Loot spawn at '[3480.93,2244.92,0]' with loot table 'MilitarySpecial'"
 9:32:43 "CRASHSPAWNER: Loot spawn at '[3488.96,2244.81,0]' with loot table 'MilitarySpecial'"
 9:32:43 "CRASHSPAWNER: Loot spawn at '[3489.91,2243.55,0]' with loot table 'MilitarySpecial'"
 9:32:43 "CRASHSPAWNER: Loot spawn at '[3491.98,2244.28,0]' with loot table 'MilitarySpecial'"
 9:32:43 "CRASHSPAWNER: Loot spawn at '[3492.15,2242.5,0]' with loot table 'MilitarySpecial'"
 9:32:43 "CRASHSPAWNER: Loot spawn at '[3474.15,2252,0]' with loot table 'MilitarySpecial'"
 9:32:43 "CRASHSPAWNER: Loot spawn at '[3485.35,2233.59,0]' with loot table 'MilitarySpecial'"
 9:32:43 "CRASHSPAWNER: Loot spawn at '[3498.56,2241.96,0]' with loot table 'MilitarySpecial'"
 9:32:43 "CRASHSPAWNER: Loot spawn at '[3478.63,2255.64,0]' with loot table 'MilitarySpecial'"
 9:32:43 "CRASHSPAWNER: Loot spawn at '[3489.89,2241.05,0]' with loot table 'MilitarySpecial'"
 9:32:43 "CRASHSPAWNER: Loot spawn at '[3493.49,2248.51,0]' with loot table 'MilitarySpecial'"
 9:32:43 "CRASHSPAWNER: Loot spawn at '[3477.61,2247.28,0]' with loot table 'MilitarySpecial'"
 9:32:43 "CRASHSPAWNER: Crash completed! Wreck at: [3486.35,2249.47,2.81334e-005] - Runtime: 163 Seconds || Distance from calculated POC: 169 meters"
 9:32:53 "TIME SYNC: Local Time set to [2013,8,3,21,32]"
 9:34:59 "CLEANUP: Deleted 2 Loot Piles out of 210"
 9:35:59 "CLEANUP: Deleted 5 Loot Piles out of 208"
 9:37:53 "TIME SYNC: Local Time set to [2013,8,3,21,37]"
 9:39:02 "CLEANUP: Deleted 81 Loot Piles out of 203"
 9:42:24 "EPOCH SERVERTRADE: Player: telconrar (120160390) sold a M60A4_EP1_DZE in/at Stary for 2x ItemGoldBar10oz"
 9:42:53 "EPOCH SERVERTRADE: Player: telconrar (120160390) sold a SVD_des_EP1 in/at Stary for 6x ItemGoldBar"
 9:42:53 "TIME SYNC: Local Time set to [2013,8,3,21,42]"
 9:42:58 "CLEANUP: Deleted 1 Loot Piles out of 151"
 9:43:40 "EPOCH SERVERTRADE: Player: telconrar (120160390) sold a SVD_CAMO in/at Stary for 6x ItemGoldBar"
 9:44:36 "EPOCH SERVERTRADE: Player: telconrar (120160390) sold a SCAR_H_LNG_SNIPER_SD in/at Stary for 6x ItemGoldBar"
 9:44:58 "CLEANUP: Deleted 3 Loot Piles out of 151"
 9:45:25 "EPOCH SERVERTRADE: Player: telconrar (120160390) sold a MG36_camo in/at Stary for 6x ItemGoldBar"
 9:46:00 "EPOCH SERVERTRADE: Player: telconrar (120160390) sold a M240_DZ in/at Stary for 5x ItemGoldBar"
 9:46:37 "EPOCH SERVERTRADE: Player: telconrar (120160390) sold a m240_scoped_EP1_DZE in/at Stary for 6x ItemGoldBar"
 9:47:03 "EPOCH SERVERTRADE: Player: telconrar (120160390) sold a M249_m145_EP1_DZE in/at Stary for 1x ItemGoldBar10oz"
 9:47:53 "TIME SYNC: Local Time set to [2013,8,3,21,47]"
 9:47:54 "EPOCH SERVERTRADE: Player: telconrar (120160390) sold a RPK_74 in/at Stary for 6x ItemGoldBar"
 9:48:02 "CLEANUP: Deleted 101 Loot Piles out of 152"
 9:48:38 "EPOCH SERVERTRADE: Player: telconrar (120160390) sold a KSVK_DZE in/at Stary for 3x ItemGoldBar10oz"
 9:49:56 "CLEANUP: Deleted 2 Loot Piles out of 52"
 9:52:53 "TIME SYNC: Local Time set to [2013,8,3,21,52]"
 9:52:56 "CLEANUP: Deleted 1 Loot Piles out of 50"
 9:57:53 "TIME SYNC: Local Time set to [2013,8,3,21,57]"
10:00:02 "RUNNING EVENT: crash_spawner on [2014,7,16,22,0]"
10:00:03 "CRASHSPAWNER: 100% chance to start a crashing UH-1H with loot table 'HeliCrash_No50s'"
10:00:03 "CRASHSPAWNER: UH-1H started

g from [6986,-630,1000] to [8077,12231.7] NOW!(TIME:4257||LT:HeliCrash_No50s)"
10:02:53 "TIME SYNC: Local Time set to [2013,8,3,22,2]"
10:03:01 "CLEANUP: Deleted 29 Loot Piles out of 223"
10:03:59 "CLEANUP: Deleted 1 Loot Piles out of 194"
10:05:59 "CLEANUP: Deleted 1 Loot Piles out of 194"
10:06:59 "CLEANUP: Deleted 2 Loot Piles out of 193"
10:07:53 "TIME SYNC: Local Time set to [2013,8,3,22,7]"
10:07:59 "CLEANUP: Deleted 1 Loot Piles out of 192"
10:08:59 "CLEANUP: Deleted 1 Loot Piles out of 198"
10:12:53 "TIME SYNC: Local Time set to [2013,8,3,22,12]"
10:15:03 "RUNNING EVENT: supply_drop on [2014,7,16,22,15]"
10:17:53 "TIME SYNC: Local Time set to [2013,8,3,22,17]"
