

=====================================================================
== C:\program files (x86)\steam\steamapps\common\arma 2 operation arrowhead\Expansion\beta\arma2oaserver.exe
== "C:\program files (x86)\steam\steamapps\common\arma 2 operation arrowhead\Expansion\beta\arma2oaserver.exe" -mod=EXPANSION\beta;EXPANSION\beta\Expansion;EXPANSION;ca;@DayZ_Epoch1042;3195\@bliss -port=3136 -profiles=3195 -config=3195\server-nDT4g.cfg -cfg=3195\arma2.cfg -name=cfgdayzDEFAULT -world=Chernarus -cpuCount=2 -exThreads=1 -noSound
=====================================================================
Exe timestamp: 2014/06/01 10:01:31
Current time:  2014/06/29 02:19:04

Version 1.63.112555
Item STR_EPOCH_BULK_DESC_MP5SD listed twice
Item STR_ACTIONS_BUILD listed twice
Item STR_EQUIP_NAME_41 listed twice
Item STR_EQUIP_DESC_41 listed twice
Updating base class ->NonStrategic, by Ca\config.bin/CfgVehicles/HouseBase/
Updating base class ->HouseBase, by Ca\config.bin/CfgVehicles/Ruins/
Updating base class ->DestructionEffects, by Ca\config.bin/CfgVehicles/House/DestructionEffects/
Updating base class ->FlagCarrierCore, by ca\ca_pmc\config.bin/CfgVehicles/FlagCarrier/
Updating base class ->VehicleMagazine, by ca\weapons\config.bin/CfgMagazines/14Rnd_FFAR/
Updating base class ->PistolCore, by ca\weapons\config.bin/cfgWeapons/Pistol/
Updating base class ->LauncherCore, by ca\weapons\config.bin/cfgWeapons/RocketPods/
Updating base class ->RocketPods, by ca\weapons\config.bin/cfgWeapons/FFARLauncher/
Updating base class ->Default, by ca\weapons\config.bin/cfgWeapons/ItemCore/
Updating base class ->Citizen, by ca\characters2\config.bin/CfgVehicles/Citizen1/
Updating base class ->SkodaBase, by ca\wheeled\config.bin/CfgVehicles/car_sedan/
Updating base class ->House, by ca\misc3\config.bin/CfgVehicles/Land_Fire/
Updating base class ->House, by ca\misc3\config.bin/CfgVehicles/Land_A_tent/
Updating base class ->Camp_base, by ca\misc3\config.bin/CfgVehicles/ACamp/
Updating base class ->Car, by ca\wheeled2\lada\config.bin/CfgVehicles/Lada_base/
Updating base class StreetLamp_EP1->StreetLamp, by z\addons\dayz_code\config.bin/CfgNonAIVehicles/Land_Lamp_Small_EP1/
Updating base class StreetLamp_EP1->StreetLamp, by z\addons\dayz_code\config.bin/CfgNonAIVehicles/Land_Lamp_Street1_EP1/
Updating base class StreetLamp_EP1->StreetLamp, by z\addons\dayz_code\config.bin/CfgNonAIVehicles/Land_Lamp_Street2_EP1/
Updating base class StreetLamp_EP1->StreetLamp, by z\addons\dayz_code\config.bin/CfgNonAIVehicles/Land_Lampa_Ind_EP1/
Updating base class StreetLamp_EP1->StreetLamp, by z\addons\dayz_code\config.bin/CfgNonAIVehicles/Land_PowLines_Conc2L_EP1/
Updating base class StreetLamp_BaseMediumOrange->StreetLamp, by z\addons\dayz_code\config.bin/CfgNonAIVehicles/Land_lampa_sidl/
Updating base class StreetLamp_BaseMediumOrange->StreetLamp, by z\addons\dayz_code\config.bin/CfgNonAIVehicles/Land_lampa_sidl_2/
Updating base class StreetLamp_BaseMediumOrange->StreetLamp, by z\addons\dayz_code\config.bin/CfgNonAIVehicles/Land_lampa_sidl_3/
Updating base class StreetLamp_BaseWeakYellow->StreetLamp, by z\addons\dayz_code\config.bin/CfgNonAIVehicles/Land_lampa_ind/
Updating base class StreetLamp_BaseWeakYellow->StreetLamp, by z\addons\dayz_code\config.bin/CfgNonAIVehicles/Land_lampa_ind_zebr/
Updating base class RscStandardDisplay->, by z\addons\dayz_code\config.bin/RscDisplayStart/
Cannot delete class CA_DebriefingInfo, it is referenced somewhere (used as a base class probably).
Cannot delete class CA_DebriefingInfo, it is referenced somewhere (used as a base class probably).
Updating base class RscShortcutButton->RscShortcutButtonMain, by z\addons\dayz_code\config.bin/RscDisplayMain/controls/CA_Exit/
Updating base class RscText->, by z\addons\dayz_code\config.bin/RscTitles/Default/
Updating base class zZombie_Base->zZombie_new_Base, by z\addons\dayz_code\config.bin/CfgVehicles/z_villager1/
Updating base class zZombie_Base->zZombie_new_Base, by z\addons\dayz_code\config.bin/CfgVehicles/z_worker1/
Updating base class Soldier_Crew_PMC->Soldier_Bodyguard_M4_PMC, by z\addons\dayz_code\config.bin/CfgVehicles/SurvivorW2_DZ/
Updating base class HighCommand->Logic, by z\addons\dayz_code\config.bin/CfgVehicles/HighCommandSubordinate/
Updating base class ->ViewOptics, by z\addons\dayz_code\config.bin/CfgVehicles/Mi17_base/Turrets/MainTurret/ViewOptics/
Updating base class HouseBase->, by z\addons\dayz_code\config.bin/CfgVehicles/House/
Updating base class NonStrategic->BuiltItems, by z\addons\dayz_code\config.bin/CfgVehicles/Fort_RazorWire/
Updating base class MeleeHatchet->MeleeWeapon, by z\addons\dayz_code\config.bin/CfgWeapons/MeleeCrowbar/
Updating base class VehicleMagazine->CA_Magazine, by z\addons\dayz_code\config.bin/CfgMagazines/29Rnd_30mm_AGS30/
Updating base class VehicleMagazine->CA_Magazine, by z\addons\dayz_code\config.bin/CfgMagazines/48Rnd_40mm_MK19/
Updating base class 4000Rnd_762x51_M134->CA_Magazine, by z\addons\dayz_code\config.bin/CfgMagazines/2000Rnd_762x51_M134/
Updating base class VehicleMagazine->CA_Magazine, by z\addons\dayz_code\config.bin/CfgMagazines/100Rnd_127x99_M2/
Updating base class VehicleMagazine->CA_Magazine, by z\addons\dayz_code\config.bin/CfgMagazines/50Rnd_127x107_DSHKM/
Updating base class Hatchet_Swing->Melee_Swing, by z\addons\dayz_code\config.bin/CfgMagazines/crowbar_swing/
Updating base class CA_Magazine->Melee_Swing, by z\addons\dayz_code\config.bin/CfgMagazines/Hatchet_Swing/
Updating base class ->Plane, by ca\air2\mv22\config.bin/CfgVehicles/MV22/
Updating base class ViewOptics->, by ca\air2\uh1y\config.bin/CfgVehicles/UH1_Base/Turrets/MainTurret/ViewOptics/
Updating base class ->HouseBase, by ca\misc_e\config.bin/CfgVehicles/House/
Updating base class ->Land_CamoNet_EAST, by ca\misc_e\config.bin/CfgVehicles/Land_CamoNet_EAST_EP1/
Updating base class ->Land_CamoNetB_EAST, by ca\misc_e\config.bin/CfgVehicles/Land_CamoNetB_EAST_EP1/
Updating base class ->Sign_1L_Noentry, by ca\misc_e\config.bin/CfgVehicles/Sign_1L_Noentry_EP1/
Updating base class ->Sign_circle, by ca\misc_e\config.bin/CfgVehicles/Helper_Base_EP1/
Updating base class ->Rifle, by ca\weapons_baf\config.bin/cfgWeapons/BAF_AS50_scoped/
Updating base class ->Rifle, by ca\weapons_e\config.bin/cfgWeapons/M60A4_EP1/
Updating base class ->M249, by ca\weapons_e\config.bin/cfgWeapons/M249_EP1/
Updating base class ->M249, by ca\weapons_e\config.bin/cfgWeapons/M249_m145_EP1/
Updating base class ->m107, by ca\weapons_e\m107\config.bin/CfgWeapons/m107_TWS_EP1/
Updating base class ->M240, by ca\weapons_e\m240\config.bin/CfgWeapons/m240_scoped_EP1/
Updating base class ->V3S_Base, by ca\wheeled_e\v3s\config.bin/CfgVehicles/V3S_Base_EP1/
Updating base class ->V3S_Base_EP1, by ca\wheeled_e\v3s\config.bin/CfgVehicles/V3S_Refuel_TK_GUE_EP1/
Updating base class House->DZE_OpenHouse, by warehouse\config.bin/CfgVehicles/Land_Ind_Pec_03/
Updating base class ->Helicopter, by ca\air_e\ah6j\config.bin/CfgVehicles/AH6_Base_EP1/
Updating base class ->Plane, by ca\air_e\an2\config.bin/CfgVehicles/An2_Base_EP1/
Updating base class ->CH47_base_EP1, by ca\air_e\ch47\config.bin/CfgVehicles/CH_47F_EP1/
Updating base class ViewOptics->, by ca\air_e\uh1h\config.bin/CfgVehicles/UH1H_base/Turrets/MainTurret/ViewOptics/
Updating base class ->Soldier_Base_PMC, by ca\characters_pmc\config.bin/cfgVehicles/Soldier_Crew_PMC/
Updating base class ->Soldier_Base_PMC, by ca\characters_pmc\config.bin/cfgVehicles/Soldier_TL_PMC/
Updating base class ->Soldier_Base_PMC, by ca\characters_pmc\config.bin/cfgVehicles/Soldier_Bodyguard_M4_PMC/
Updating base class ->Soldier_Base_PMC, by ca\characters_pmc\config.bin/cfgVehicles/Soldier_Bodyguard_AA12_PMC/
Updating base class ->BAF_Soldier_MTP, by ca\characters_w_baf\config.bin/CfgVehicles/BAF_Soldier_W/
Updating base class ->BAF_Soldier_L_MTP, by ca\characters_w_baf\config.bin/CfgVehicles/BAF_Soldier_L_W/
Updating base class ->BAF_Soldier_Officer_MTP, by ca\characters_w_baf\config.bin/CfgVehicles/BAF_Soldier_Officer_W/
Updating base class ->BAF_Soldier_SniperH_MTP, by ca\characters_w_baf\config.bin/CfgVehicles/BAF_Soldier_SniperH_W/
Updating base class ->M113Ambul_Base, by ca\tracked_e\m113\config.bin/CfgVehicles/M113Ambul_UN_EP1/
Updating base class ->M113_Base, by ca\tracked_e\m113\config.bin/CfgVehicles/M113_UN_EP1/
Updating base class ->M113Ambul_Base, by ca\tracked_e\m113\config.bin/CfgVehicles/M113Ambul_TK_EP1/
Updating base class ->M113_Base, by ca\tracked_e\m113\config.bin/CfgVehicles/M113_TK_EP1/
Updating base class ->Helicopter, by ca\air_d_baf\config.bin/CfgVehicles/BAF_Merlin_HC3_D/
Obsolete class Animations defined in bin\config.bin/RscCompass/
Obsolete class Animations defined in bin\config.bin/RscWatch/
 2:22:08 Strange convex component288 in warehouse\models\warehouse.p3d:geometry
 2:22:08 Strange convex component289 in warehouse\models\warehouse.p3d:geometry
 2:22:08 Strange convex component290 in warehouse\models\warehouse.p3d:geometry
 2:22:08 Strange convex component291 in warehouse\models\warehouse.p3d:geometry
 2:22:08 Strange convex component292 in warehouse\models\warehouse.p3d:geometry
 2:22:08 Strange convex component293 in warehouse\models\warehouse.p3d:geometry
 2:22:08 Strange convex component294 in warehouse\models\warehouse.p3d:geometry
 2:22:08 Strange convex component295 in warehouse\models\warehouse.p3d:geometry
 2:22:08 Strange convex component296 in warehouse\models\warehouse.p3d:geometry
 2:22:08 Strange convex component297 in warehouse\models\warehouse.p3d:geometry
 2:22:08 Strange convex component298 in warehouse\models\warehouse.p3d:geometry
 2:22:08 Strange convex component299 in warehouse\models\warehouse.p3d:geometry
 2:22:08 Strange convex component300 in warehouse\models\warehouse.p3d:geometry
 2:22:08 Strange convex component301 in warehouse\models\warehouse.p3d:geometry
 2:22:08 Strange convex component302 in warehouse\models\warehouse.p3d:geometry
 2:22:08 Strange convex component303 in warehouse\models\warehouse.p3d:geometry
 2:22:08 Strange convex component304 in warehouse\models\warehouse.p3d:geometry
 2:22:08 Strange convex component305 in warehouse\models\warehouse.p3d:geometry
 2:22:08 Strange convex component306 in warehouse\models\warehouse.p3d:geometry
 2:22:08 Strange convex component307 in warehouse\models\warehouse.p3d:geometry
 2:22:08 Strange convex component308 in warehouse\models\warehouse.p3d:geometry
 2:22:08 Strange convex component309 in warehouse\models\warehouse.p3d:geometry
 2:22:08 Strange convex component310 in warehouse\models\warehouse.p3d:geometry
 2:22:08 Strange convex component311 in warehouse\models\warehouse.p3d:geometry
 2:22:08 Strange convex component312 in warehouse\models\warehouse.p3d:geometry
 2:22:08 Strange convex component313 in warehouse\models\warehouse.p3d:geometry
 2:22:08 Strange convex component314 in warehouse\models\warehouse.p3d:geometry
 2:22:08 Strange convex component315 in warehouse\models\warehouse.p3d:geometry
 2:22:08 Strange convex component316 in warehouse\models\warehouse.p3d:geometry
 2:22:08 Strange convex component317 in warehouse\models\warehouse.p3d:geometry
 2:22:08 Strange convex component252 in warehouse\models\warehouse.p3d:geometryFire
 2:22:08 Strange convex component253 in warehouse\models\warehouse.p3d:geometryFire
 2:22:08 Strange convex component254 in warehouse\models\warehouse.p3d:geometryFire
 2:22:08 Strange convex component255 in warehouse\models\warehouse.p3d:geometryFire
 2:22:08 Strange convex component256 in warehouse\models\warehouse.p3d:geometryFire
 2:22:08 Strange convex component257 in warehouse\models\warehouse.p3d:geometryFire
 2:22:08 Strange convex component258 in warehouse\models\warehouse.p3d:geometryFire
 2:22:08 Strange convex component259 in warehouse\models\warehouse.p3d:geometryFire
 2:22:08 Strange convex component260 in warehouse\models\warehouse.p3d:geometryFire
 2:22:08 Strange convex component261 in warehouse\models\warehouse.p3d:geometryFire
 2:22:08 Strange convex component262 in warehouse\models\warehouse.p3d:geometryFire
 2:22:08 Strange convex component263 in warehouse\models\warehouse.p3d:geometryFire
 2:22:08 Strange convex component264 in warehouse\models\warehouse.p3d:geometryFire
 2:22:08 Strange convex component265 in warehouse\models\warehouse.p3d:geometryFire
 2:22:08 Strange convex component266 in warehouse\models\warehouse.p3d:geometryFire
 2:22:08 Strange convex component267 in warehouse\models\warehouse.p3d:geometryFire
 2:22:08 Strange convex component268 in warehouse\models\warehouse.p3d:geometryFire
 2:22:08 Strange convex component269 in warehouse\models\warehouse.p3d:geometryFire
 2:22:08 Strange convex component270 in warehouse\models\warehouse.p3d:geometryFire
 2:22:08 Strange convex component271 in warehouse\models\warehouse.p3d:geometryFire
 2:22:08 Strange convex component272 in warehouse\models\warehouse.p3d:geometryFire
 2:22:08 Strange convex component273 in warehouse\models\warehouse.p3d:geometryFire
 2:22:08 Strange convex component274 in warehouse\models\warehouse.p3d:geometryFire
 2:22:08 Strange convex component275 in warehouse\models\warehouse.p3d:geometryFire
 2:22:08 Strange convex component276 in warehouse\models\warehouse.p3d:geometryFire
 2:22:08 Strange convex component277 in warehouse\models\warehouse.p3d:geometryFire
 2:22:08 Strange convex component278 in warehouse\models\warehouse.p3d:geometryFire
 2:22:08 Strange convex component279 in warehouse\models\warehouse.p3d:geometryFire
 2:22:08 Strange convex component280 in warehouse\models\warehouse.p3d:geometryFire
 2:22:08 Strange convex component281 in warehouse\models\warehouse.p3d:geometryFire
 2:22:08 Strange convex component249 in warehouse\models\warehouse.p3d:geometryView
 2:22:08 Strange convex component250 in warehouse\models\warehouse.p3d:geometryView
 2:22:08 Strange convex component251 in warehouse\models\warehouse.p3d:geometryView
 2:22:08 Strange convex component252 in warehouse\models\warehouse.p3d:geometryView
 2:22:08 Strange convex component253 in warehouse\models\warehouse.p3d:geometryView
 2:22:08 Strange convex component254 in warehouse\models\warehouse.p3d:geometryView
 2:22:08 Strange convex component255 in warehouse\models\warehouse.p3d:geometryView
 2:22:08 Strange convex component256 in warehouse\models\warehouse.p3d:geometryView
 2:22:08 Strange convex component257 in warehouse\models\warehouse.p3d:geometryView
 2:22:08 Strange convex component258 in warehouse\models\warehouse.p3d:geometryView
 2:22:08 Strange convex component259 in warehouse\models\warehouse.p3d:geometryView
 2:22:08 Strange convex component260 in warehouse\models\warehouse.p3d:geometryView
 2:22:08 Strange convex component261 in warehouse\models\warehouse.p3d:geometryView
 2:22:08 Strange convex component262 in warehouse\models\warehouse.p3d:geometryView
 2:22:08 Strange convex component263 in warehouse\models\warehouse.p3d:geometryView
 2:22:08 Strange convex component264 in warehouse\models\warehouse.p3d:geometryView
 2:22:08 Strange convex component265 in warehouse\models\warehouse.p3d:geometryView
 2:22:08 Strange convex component266 in warehouse\models\warehouse.p3d:geometryView
 2:22:08 Strange convex component267 in warehouse\models\warehouse.p3d:geometryView
 2:22:08 Strange convex component268 in warehouse\models\warehouse.p3d:geometryView
 2:22:08 Strange convex component269 in warehouse\models\warehouse.p3d:geometryView
 2:22:08 Strange convex component270 in warehouse\models\warehouse.p3d:geometryView
 2:22:08 Strange convex component271 in warehouse\models\warehouse.p3d:geometryView
 2:22:08 Strange convex component272 in warehouse\models\warehouse.p3d:geometryView
 2:22:08 Strange convex component273 in warehouse\models\warehouse.p3d:geometryView
 2:22:08 Strange convex component274 in warehouse\models\warehouse.p3d:geometryView
 2:22:08 Strange convex component275 in warehouse\models\warehouse.p3d:geometryView
 2:22:08 Strange convex component276 in warehouse\models\warehouse.p3d:geometryView
 2:22:08 Strange convex component277 in warehouse\models\warehouse.p3d:geometryView
 2:22:08 Strange convex component278 in warehouse\models\warehouse.p3d:geometryView
 2:22:16 Warning: looped for animation: ca\anims\characters\data\anim\sdr\mov\erc\wlk\non\non\amovpercmwlksnonwnondf.rtm differs (looped now 0)! MoveName: amovpercmstpsnonwnondnon_amovpercmstpsraswpstdnon
 2:22:16 Warning: looped for animation: ca\anims\characters\data\anim\sdr\mov\erc\wlk\non\non\amovpercmwlksnonwnondf.rtm differs (looped now 1)! MoveName: amovpercmrunsnonwbindf_rfl
 2:22:17 "DayZ Epoch: PRELOAD Functions\init [[<No group>:0 (FunctionsManager)],any]"
 2:22:17 "DayZ Epoch: MPframework inited"
 2:22:43 Cannot create non-ai vehicle Land_Mil_Mil_Guardhouse,
 2:22:45 Warning Message: Cannot open object ibr\ibr_hangars\ibr_hangar.p3d
 2:22:45 ibr\ibr_hangars\ibr_hangar.p3d: No geometry and no visual shape
 2:22:45 ibr\ibr_hangars\ibr_hangar.p3d: No geometry and no visual shape
 2:22:45 ibr\ibr_hangars\ibr_hangar.p3d: No geometry and no visual shape
 2:22:45 ibr\ibr_hangars\ibr_hangar.p3d: No geometry and no visual shape
 2:22:45 Warning Message: Animation source Door01 not found in bin\config.bin/CfgVehicles/MAP_BarbGate/
 2:22:46 Warning Message: Animation source TakeWeapon_hide not found in bin\config.bin/CfgVehicles/MAP_Gunrack2/
 2:22:46 ca\misc\sphere2.p3d: No geometry and no visual shape
 2:22:46 ca\misc\sphere2.p3d: No geometry and no visual shape
 2:22:46 ca\misc\sphere2.p3d: No geometry and no visual shape
 2:22:46 ca\misc\sphere2.p3d: No geometry and no visual shape
 2:22:46 Warning Message: Animation source TakeWeapon_hide not found in bin\config.bin/CfgVehicles/MAP_Gunrack1/
 2:22:48 "Res3tting B!S effects..."
 2:22:48 Warning: z\addons\dayz_communityassets\models\compass.p3d:0 Error while trying to generate ST for points: 863, 853, 852
 2:22:51 "[AGN] Starting Trader City Safezone Commander!"
 2:22:51 "Error: Attempting to start AGN products on a server where it should not be!"
 2:22:51 "HIVE: Starting"
 2:22:51 "HIVE: trying to get objects"
 2:22:53 "HIVE: found 3157 objects"
 2:22:53 "HIVE: Commence Object Streaming..."
 2:22:53 "HIVE: got 2526 Epoch Objects and 631 Vehicles"
 2:23:03 "Res3tting B!S effects..."
 2:23:06 AH6X_DZ: FLIR_turret - unknown animation source FLIR_turret
 2:23:06 AH6X_DZ: FLIR_gun - unknown animation source FLIR_gun
 2:23:09 UH1Y_DZE: ObsTurret - unknown animation source ObsTurret
 2:23:09 UH1Y_DZE: ObsGun - unknown animation source ObsGun
 2:23:28 "HIVE: Vehicle Spawn limit reached!"
 2:23:28 "HIVE: Spawning # of Debris: 0"
 2:23:28 "HIVE: Spawning # of Ammo Boxes: 3"
 2:23:28 "HIVE: Spawning # of Veins: 50"
 2:23:28 "Total Number of spawn locations 5"
 2:23:28 "EPOCH EVENTS INIT"
 2:23:29 "DEBUG VEIN: Too many objects at [3592.89,9421.48]"
 2:23:29 "DEBUG VEIN: Too many objects at [3585.64,9432.22]"
 2:23:30 SetFace error: class CfgFaces.GravesHead_EP1.Face04_EP1 not found
 2:23:30 Error: Error during SetFace - class CfgFaces.GravesHead_EP1.Face04_EP1 not found
 2:23:30 "TIME SYNC: Local Time set to [2013,8,3,16,23]"
 2:23:31 "ERROR: server_playerSync: Cannot Sync Player DarrikVkir [BOOTY] [384]. Position in debug! [-7240.8,19537.8,0.46637]"
 2:23:53 Error: Bone leftshoulder doesn't exist in some skeleton 
 2:23:53 Error: Bone rightshoulder doesn't exist in some skeleton 
 2:23:53 Error: Bone rightshoulder doesn't exist in some skeleton 
 2:23:53 Error: Bone leftshoulder doesn't exist in some skeleton 
 2:23:53 Error: Bone rightshoulder doesn't exist in some skeleton 
 2:23:53 Error: Bone leftshoulder doesn't exist in some skeleton 
 2:23:53 Error: Bone rightshoulder doesn't exist in some skeleton 
 2:23:53 Error: Bone leftshoulder doesn't exist in some skeleton 
 2:23:53 Error: Bone rightshoulder doesn't exist in some skeleton 
 2:23:53 Error: Bone leftshoulder doesn't exist in some skeleton 
 2:23:53 Error: Bone rightshoulder doesn't exist in some skeleton 
 2:23:53 Error: Bone leftshoulder doesn't exist in some skeleton 
 2:23:53 Error: Bone leftshoulder doesn't exist in some skeleton 
 2:23:53 Error: Bone rightshoulder doesn't exist in some skeleton 
 2:23:53 Error: Bone leftshoulder doesn't exist in some skeleton 
 2:23:53 Error: Bone rightshoulder doesn't exist in some skeleton 
 2:24:07 "CLIENTLOG: Admin Tools: DarrikVkir [BOOTY] | Activated Admin Mode."
 2:24:16 "CLIENTLOG: Admin Tools: DarrikVkir [BOOTY] | any."
 2:24:29 "[DZMS]: Starting DayZ Epoch Mission System."
 2:24:29 "[DZMS]: Relations not found! Using DZMS Relations."
 2:24:29 "[DZMS]: Mission and Extended Configuration Loaded!"
 2:24:29 "[DZMS]: chernarus Detected. Map Specific Settings Adjusted!"
 2:24:29 "[DZMS]: DayZ Epoch Detected! Some Scripts Adjusted!"
 2:24:29 "[DZMS]: Mission Functions Script Loaded!"
 2:24:30 "[DZMS]: Major Mission Clock Starting!"
 2:24:30 "[DZMS]: Minor Mission Clock Starting!"
 2:24:30 "[DZMS]: Mission Marker Loop for JIPs Starting!"
 2:24:41 "[DZMS]: Running Minor Mission SM11."
 2:25:02 "[DZMS]: Running Major Mission SM13."
 2:25:04 UH60Wreck_DZ: MainTurret - unknown animation source mainTurret
 2:25:04 UH60Wreck_DZ: MainGun - unknown animation source mainGun
 2:25:04 UH60Wreck_DZ: MachineGun_1 - unknown animation source Gatling_1
 2:25:24 "get: STRING (23206790), sent: STRING (23206790)"
 2:25:24 "DISCONNECT: DarrikVkir [BOOTY] (23206790) Object: B 1-1-C:1 (DarrikVkir [BOOTY]) REMOTE, _characterID: 384 at loc [5428.63,5769.07,0.00164795]"
 2:25:24 Client: Remote object 3:8 not found
 2:25:24 Warning: Cleanup player - person 3:7 not found
 2:26:50 "CLEANUP: INITIALIZING CLEANUP SCRIPT"
 2:30:01 "RUNNING EVENT: crash_spawner on [2014,6,29,16,30]"
 2:30:01 "CRASHSPAWNER: 100% chance to start a crashing Ural with loot table 'Military'"
 2:30:01 "CRASHSPAWNER: Ural Wreck spawned at [7699.34,14219.1]"
 2:30:01 "CRASHSPAWNER: Loot spawn at '[7699.71,14223,0.248535]' with loot table 'Military'"
 2:30:01 "CRASHSPAWNER: Loot spawn at '[7706.64,14217.9,0.248535]' with loot table 'Military'"
 2:30:01 "CRASHSPAWNER: Loot spawn at '[7706.39,14223.5,0.248535]' with loot table 'Military'"
 2:30:01 "CRASHSPAWNER: Loot spawn at '[7705.58,14218.8,0.248535]' with loot table 'Military'"
 2:30:01 "CRASHSPAWNER: Loot spawn at '[7698.88,14214.2,0.248535]' with loot table 'Military'"
 2:30:01 "CRASHSPAWNER: Loot spawn at '[7693.86,14218.7,0.248535]' with loot table 'Military'"
 2:30:01 "CRASHSPAWNER: Loot spawn at '[7696.2,14225.3,0.248535]' with loot table 'Military'"
 2:30:01 "CRASHSPAWNER: Loot spawn at '[7695.17,14214.9,0.248535]' with loot table 'Military'"
 2:30:01 "CRASHSPAWNER: Loot spawn at '[7697.27,14214.9,0.248535]' with loot table 'Military'"
 2:30:02 "CRASHSPAWNER: Loot spawn at '[7693.88,14223.1,0.248535]' with loot table 'Military'"
 2:31:50 "TIME SYNC: Local Time set to [2013,8,3,16,31]"
 2:36:50 "TIME SYNC: Local Time set to [2013,8,3,16,36]"
 2:41:50 "TIME SYNC: Local Time set to [2013,8,3,16,41]"
 2:41:50 "CLEANUP: Deleted 5 Animals out of 10"
 2:46:50 "TIME SYNC: Local Time set to [2013,8,3,16,46]"
 2:47:52 "CLEANUP: Deleted 12 Loot Piles out of 49"
 2:49:51 "CLEANUP: Deleted 1 Loot Piles out of 37"
 2:50:51 "CLEANUP: Deleted 1 Loot Piles out of 36"
 2:51:50 "TIME SYNC: Local Time set to [2013,8,3,16,51]"
 2:53:33 "get: STRING (9375302), sent: STRING (9375302)"
 2:53:33 "DISCONNECT: Cripto (9375302) Object: B 1-1-B:1 (Cripto) REMOTE, _characterID: 265 at loc [13863.5,11736.1,0.00120449]"
 2:53:33 Client: Remote object 4:6 not found
 2:53:33 Client: Remote object 4:5 not found
 2:53:33 Client: Remote object 4:2 not found
 2:56:50 "TIME SYNC: Local Time set to [2013,8,3,16,56]"
 2:56:50 "CLEANUP: Deleted 6 Animals out of 6"
 3:00:03 "RUNNING EVENT: crash_spawner on [2014,6,29,17,0]"
 3:00:03 "CRASHSPAWNER: 100% chance to start a crashing Mi-17 with loot table 'HeliCrash_No50s'"
 3:00:03 "CRASHSPAWNER: Mi-17 started

g from [15186,11857,300] to [9867.75,13360.1] NOW!(TIME:2212||LT:HeliCrash_No50s)"
 3:01:50 "TIME SYNC: Local Time set to [2013,8,3,17,1]"
 3:06:50 "TIME SYNC: Local Time set to [2013,8,3,17,6]"
 3:07:50 "CRASHSPAWNER: Mi-17 just exploded at [9982.22,13284,5.57724]!, "
 3:07:50 "CRASHSPAWNER: Loot spawn at '[9980.89,13287.7,0]' with loot table 'HeliCrash_No50s'"
 3:07:50 "CRASHSPAWNER: Loot spawn at '[9988,13287.5,0]' with loot table 'HeliCrash_No50s'"
 3:07:50 "CRASHSPAWNER: Loot spawn at '[9984.04,13279.8,0]' with loot table 'HeliCrash_No50s'"
 3:07:50 "CRASHSPAWNER: Loot spawn at '[9979.14,13291,0]' with loot table 'HeliCrash_No50s'"
 3:07:50 "CRASHSPAWNER: Loot spawn at '[9972.06,13280.2,0]' with loot table 'HeliCrash_No50s'"
 3:07:50 "CRASHSPAWNER: Loot spawn at '[9970.61,13283.5,0]' with loot table 'HeliCrash_No50s'"
 3:07:50 "CRASHSPAWNER: Loot spawn at '[9990.95,13281,0]' with loot table 'HeliCrash_No50s'"
 3:07:50 "CRASHSPAWNER: Loot spawn at '[9976.05,13285.5,0]' with loot table 'HeliCrash_No50s'"
 3:07:50 "CRASHSPAWNER: Loot spawn at '[9987.85,13280.7,0]' with loot table 'HeliCrash_No50s'"
 3:07:50 "CRASHSPAWNER: Loot spawn at '[9986.78,13279,0]' with loot table 'HeliCrash_No50s'"
 3:07:50 "CRASHSPAWNER: Crash completed! Wreck at: [9982.22,13284,0.250061] - Runtime: 467 Seconds || Distance from calculated POC: 137 meters"
 3:11:50 "TIME SYNC: Local Time set to [2013,8,3,17,11]"
 3:15:04 "RUNNING EVENT: supply_drop on [2014,6,29,17,15]"
 3:16:50 "TIME SYNC: Local Time set to [2013,8,3,17,16]"
 3:21:50 "TIME SYNC: Local Time set to [2013,8,3,17,21]"
 3:26:50 "TIME SYNC: Local Time set to [2013,8,3,17,26]"
 3:30:05 "RUNNING EVENT: crash_spawner on [2014,6,29,17,30]"
 3:30:05 "CRASHSPAWNER: 100% chance to start a crashing UH-60M with loot table 'HeliCrash_No50s'"
 3:30:05 "CRASHSPAWNER: UH-60M started

g from [1623.71,218.188,300] to [5283,14677.7] NOW!(TIME:4014||LT:HeliCrash_No50s)"
 3:31:50 "TIME SYNC: Local Time set to [2013,8,3,17,31]"
 3:35:57 "CRASHSPAWNER: UH-60M just exploded at [5316.26,14750.5,0.258301]!, "
 3:35:57 "CRASHSPAWNER: Loot spawn at '[5319.15,14747.7,0]' with loot table 'HeliCrash_No50s'"
 3:35:57 "CRASHSPAWNER: Loot spawn at '[5309.32,14751.4,0]' with loot table 'HeliCrash_No50s'"
 3:35:57 "CRASHSPAWNER: Loot spawn at '[5313.03,14743.3,0]' with loot table 'HeliCrash_No50s'"
 3:35:57 "CRASHSPAWNER: Loot spawn at '[5323.62,14755.1,0]' with loot table 'HeliCrash_No50s'"
 3:35:57 "CRASHSPAWNER: Loot spawn at '[5312.98,14760.6,0]' with loot table 'HeliCrash_No50s'"
 3:35:57 "CRASHSPAWNER: Loot spawn at '[5319.65,14760.8,0]' with loot table 'HeliCrash_No50s'"
 3:35:57 "CRASHSPAWNER: Loot spawn at '[5315.94,14745.1,0]' with loot table 'HeliCrash_No50s'"
 3:35:57 "CRASHSPAWNER: Loot spawn at '[5311.54,14751.4,0]' with loot table 'HeliCrash_No50s'"
 3:35:57 "CRASHSPAWNER: Loot spawn at '[5314.7,14745,0]' with loot table 'HeliCrash_No50s'"
 3:35:57 "CRASHSPAWNER: Loot spawn at '[5311.74,14748.5,0]' with loot table 'HeliCrash_No50s'"
 3:35:57 "CRASHSPAWNER: Loot spawn at '[5322.55,14744.8,0]' with loot table 'HeliCrash_No50s'"
 3:35:57 "CRASHSPAWNER: Loot spawn at '[5314.11,14758.8,0]' with loot table 'HeliCrash_No50s'"
 3:35:57 "CRASHSPAWNER: Crash completed! Wreck at: [5316.26,14750.5,-0.0625] - Runtime: 352 Seconds || Distance from calculated POC: 82 meters"
 3:36:50 "TIME SYNC: Local Time set to [2013,8,3,17,36]"
 3:41:50 "TIME SYNC: Local Time set to [2013,8,3,17,41]"
 3:46:50 "TIME SYNC: Local Time set to [2013,8,3,17,46]"
 3:51:50 "TIME SYNC: Local Time set to [2013,8,3,17,51]"
 3:56:50 "TIME SYNC: Local Time set to [2013,8,3,17,56]"
 4:00:07 "RUNNING EVENT: crash_spawner on [2014,6,29,18,0]"
 4:00:07 "CRASHSPAWNER: 100% chance to start a crashing Su-25 with loot table 'MilitarySpecial'"
 4:00:07 "CRASHSPAWNER: Su-25 started

g from [15098,8144,300] to [2876.61,3456.02] NOW!(TIME:5815||LT:MilitarySpecial)"
 4:01:50 "TIME SYNC: Local Time set to [2013,8,3,18,1]"
 4:02:00 "CRASHSPAWNER: Su-25 just exploded at [3179.19,3441.64,6.86258]!, "
 4:02:00 "CRASHSPAWNER: Loot spawn at '[3181.22,3445.09,0]' with loot table 'MilitarySpecial'"
 4:02:00 "CRASHSPAWNER: Loot spawn at '[3177.02,3435.08,0]' with loot table 'MilitarySpecial'"
 4:02:00 "CRASHSPAWNER: Loot spawn at '[3182.5,3431.99,0]' with loot table 'MilitarySpecial'"
 4:02:00 "CRASHSPAWNER: Loot spawn at '[3181.37,3447.17,0]' with loot table 'MilitarySpecial'"
 4:02:00 "CRASHSPAWNER: Loot spawn at '[3183.51,3449.34,0]' with loot table 'MilitarySpecial'"
 4:02:00 "CRASHSPAWNER: Loot spawn at '[3168.55,3443.05,0]' with loot table 'MilitarySpecial'"
 4:02:00 "CRASHSPAWNER: Loot spawn at '[3185.19,3435.5,0]' with loot table 'MilitarySpecial'"
 4:02:00 "CRASHSPAWNER: Loot spawn at '[3183.67,3430.98,0]' with loot table 'MilitarySpecial'"
 4:02:00 "CRASHSPAWNER: Loot spawn at '[3184.62,3436.78,0]' with loot table 'MilitarySpecial'"
 4:02:00 "CRASHSPAWNER: Loot spawn at '[3185.95,3438.37,0]' with loot table 'MilitarySpecial'"
 4:02:00 "CRASHSPAWNER: Loot spawn at '[3175,3441.1,0]' with loot table 'MilitarySpecial'"
 4:02:00 "CRASHSPAWNER: Loot spawn at '[3182.22,3435.72,0]' with loot table 'MilitarySpecial'"
 4:02:00 "CRASHSPAWNER: Loot spawn at '[3182.09,3449.94,0]' with loot table 'MilitarySpecial'"
 4:02:00 "CRASHSPAWNER: Crash completed! Wreck at: [3179.14,3441.48,0.0324554] - Runtime: 113 Seconds || Distance from calculated POC: 303 meters"
 4:06:50 "TIME SYNC: Local Time set to [2013,8,3,18,6]"
